// Jest Snapshot v1, https://goo.gl/fbAQLP

exports[`rendered login page matches the snapshot 1`] = `
Object {
  "asFragment": [Function],
  "baseElement": <body>
    <div>
      <div
        class="makeStyles-container-1"
      >
        <div
          class="MuiContainer-root MuiContainer-maxWidthXs"
        >
          <div
            class="MuiPaper-root makeStyles-paper-2 MuiPaper-elevation1 MuiPaper-rounded"
          >
            <div
              class="MuiGrid-root MuiGrid-container MuiGrid-direction-xs-column MuiGrid-align-items-xs-flex-start MuiGrid-justify-content-xs-center"
            >
              <h5
                class="MuiTypography-root makeStyles-heading-3 MuiTypography-h5"
              >
                Sign in
              </h5>
              <div
                class="MuiFormControl-root makeStyles-usernameInput-4 MuiFormControl-fullWidth"
              >
                <label
                  class="MuiFormLabel-root MuiInputLabel-root MuiInputLabel-formControl MuiInputLabel-animated MuiInputLabel-outlined"
                  data-shrink="false"
                  id="username-select-label"
                >
                  User
                </label>
                <div
                  class="MuiInputBase-root MuiOutlinedInput-root MuiInputBase-formControl"
                >
                  <div
                    aria-haspopup="listbox"
                    aria-labelledby="username-select-label username-select"
                    class="MuiSelect-root MuiSelect-select MuiSelect-selectMenu MuiSelect-outlined MuiInputBase-input MuiOutlinedInput-input"
                    id="username-select"
                    role="button"
                    tabindex="0"
                  >
                    <span>
                      ​
                    </span>
                  </div>
                  <input
                    aria-hidden="true"
                    class="MuiSelect-nativeInput"
                    tabindex="-1"
                    value=""
                  />
                  <svg
                    aria-hidden="true"
                    class="MuiSvgIcon-root MuiSelect-icon MuiSelect-iconOutlined"
                    focusable="false"
                    viewBox="0 0 24 24"
                  >
                    <path
                      d="M7 10l5 5 5-5z"
                    />
                  </svg>
                  <fieldset
                    aria-hidden="true"
                    class="PrivateNotchedOutline-root-7 MuiOutlinedInput-notchedOutline"
                  >
                    <legend
                      class="PrivateNotchedOutline-legendLabelled-9"
                    >
                      <span>
                        Username
                      </span>
                    </legend>
                  </fieldset>
                </div>
              </div>
              <div
                class="MuiFormControl-root MuiTextField-root makeStyles-passwordInput-5 MuiFormControl-fullWidth"
              >
                <label
                  class="MuiFormLabel-root MuiInputLabel-root MuiInputLabel-formControl MuiInputLabel-animated MuiInputLabel-outlined Mui-disabled Mui-disabled Mui-required Mui-required"
                  data-shrink="false"
                >
                  Password
                  <span
                    aria-hidden="true"
                    class="MuiFormLabel-asterisk MuiInputLabel-asterisk"
                  >
                     
                    *
                  </span>
                </label>
                <div
                  class="MuiInputBase-root MuiOutlinedInput-root Mui-disabled Mui-disabled MuiInputBase-fullWidth MuiInputBase-formControl"
                >
                  <input
                    aria-invalid="false"
                    class="MuiInputBase-input MuiOutlinedInput-input Mui-disabled Mui-disabled"
                    disabled=""
                    required=""
                    type="password"
                    value=""
                  />
                  <fieldset
                    aria-hidden="true"
                    class="PrivateNotchedOutline-root-7 MuiOutlinedInput-notchedOutline"
                  >
                    <legend
                      class="PrivateNotchedOutline-legendLabelled-9"
                    >
                      <span>
                        Password
                         *
                      </span>
                    </legend>
                  </fieldset>
                </div>
              </div>
              <button
                class="MuiButtonBase-root MuiButton-root MuiButton-contained makeStyles-loginBtn-6 MuiButton-containedPrimary MuiButton-fullWidth"
                tabindex="0"
                type="button"
              >
                <span
                  class="MuiButton-label"
                >
                  Sign in
                </span>
                <span
                  class="MuiTouchRipple-root"
                />
              </button>
            </div>
          </div>
        </div>
      </div>
    </div>
  </body>,
  "container": <div>
    <div
      class="makeStyles-container-1"
    >
      <div
        class="MuiContainer-root MuiContainer-maxWidthXs"
      >
        <div
          class="MuiPaper-root makeStyles-paper-2 MuiPaper-elevation1 MuiPaper-rounded"
        >
          <div
            class="MuiGrid-root MuiGrid-container MuiGrid-direction-xs-column MuiGrid-align-items-xs-flex-start MuiGrid-justify-content-xs-center"
          >
            <h5
              class="MuiTypography-root makeStyles-heading-3 MuiTypography-h5"
            >
              Sign in
            </h5>
            <div
              class="MuiFormControl-root makeStyles-usernameInput-4 MuiFormControl-fullWidth"
            >
              <label
                class="MuiFormLabel-root MuiInputLabel-root MuiInputLabel-formControl MuiInputLabel-animated MuiInputLabel-outlined"
                data-shrink="false"
                id="username-select-label"
              >
                User
              </label>
              <div
                class="MuiInputBase-root MuiOutlinedInput-root MuiInputBase-formControl"
              >
                <div
                  aria-haspopup="listbox"
                  aria-labelledby="username-select-label username-select"
                  class="MuiSelect-root MuiSelect-select MuiSelect-selectMenu MuiSelect-outlined MuiInputBase-input MuiOutlinedInput-input"
                  id="username-select"
                  role="button"
                  tabindex="0"
                >
                  <span>
                    ​
                  </span>
                </div>
                <input
                  aria-hidden="true"
                  class="MuiSelect-nativeInput"
                  tabindex="-1"
                  value=""
                />
                <svg
                  aria-hidden="true"
                  class="MuiSvgIcon-root MuiSelect-icon MuiSelect-iconOutlined"
                  focusable="false"
                  viewBox="0 0 24 24"
                >
                  <path
                    d="M7 10l5 5 5-5z"
                  />
                </svg>
                <fieldset
                  aria-hidden="true"
                  class="PrivateNotchedOutline-root-7 MuiOutlinedInput-notchedOutline"
                >
                  <legend
                    class="PrivateNotchedOutline-legendLabelled-9"
                  >
                    <span>
                      Username
                    </span>
                  </legend>
                </fieldset>
              </div>
            </div>
            <div
              class="MuiFormControl-root MuiTextField-root makeStyles-passwordInput-5 MuiFormControl-fullWidth"
            >
              <label
                class="MuiFormLabel-root MuiInputLabel-root MuiInputLabel-formControl MuiInputLabel-animated MuiInputLabel-outlined Mui-disabled Mui-disabled Mui-required Mui-required"
                data-shrink="false"
              >
                Password
                <span
                  aria-hidden="true"
                  class="MuiFormLabel-asterisk MuiInputLabel-asterisk"
                >
                   
                  *
                </span>
              </label>
              <div
                class="MuiInputBase-root MuiOutlinedInput-root Mui-disabled Mui-disabled MuiInputBase-fullWidth MuiInputBase-formControl"
              >
                <input
                  aria-invalid="false"
                  class="MuiInputBase-input MuiOutlinedInput-input Mui-disabled Mui-disabled"
                  disabled=""
                  required=""
                  type="password"
                  value=""
                />
                <fieldset
                  aria-hidden="true"
                  class="PrivateNotchedOutline-root-7 MuiOutlinedInput-notchedOutline"
                >
                  <legend
                    class="PrivateNotchedOutline-legendLabelled-9"
                  >
                    <span>
                      Password
                       *
                    </span>
                  </legend>
                </fieldset>
              </div>
            </div>
            <button
              class="MuiButtonBase-root MuiButton-root MuiButton-contained makeStyles-loginBtn-6 MuiButton-containedPrimary MuiButton-fullWidth"
              tabindex="0"
              type="button"
            >
              <span
                class="MuiButton-label"
              >
                Sign in
              </span>
              <span
                class="MuiTouchRipple-root"
              />
            </button>
          </div>
        </div>
      </div>
    </div>
  </div>,
  "debug": [Function],
  "findAllByAltText": [Function],
  "findAllByDisplayValue": [Function],
  "findAllByLabelText": [Function],
  "findAllByPlaceholderText": [Function],
  "findAllByRole": [Function],
  "findAllByTestId": [Function],
  "findAllByText": [Function],
  "findAllByTitle": [Function],
  "findByAltText": [Function],
  "findByDisplayValue": [Function],
  "findByLabelText": [Function],
  "findByPlaceholderText": [Function],
  "findByRole": [Function],
  "findByTestId": [Function],
  "findByText": [Function],
  "findByTitle": [Function],
  "getAllByAltText": [Function],
  "getAllByDisplayValue": [Function],
  "getAllByLabelText": [Function],
  "getAllByPlaceholderText": [Function],
  "getAllByRole": [Function],
  "getAllByTestId": [Function],
  "getAllByText": [Function],
  "getAllByTitle": [Function],
  "getByAltText": [Function],
  "getByDisplayValue": [Function],
  "getByLabelText": [Function],
  "getByPlaceholderText": [Function],
  "getByRole": [Function],
  "getByTestId": [Function],
  "getByText": [Function],
  "getByTitle": [Function],
  "queryAllByAltText": [Function],
  "queryAllByDisplayValue": [Function],
  "queryAllByLabelText": [Function],
  "queryAllByPlaceholderText": [Function],
  "queryAllByRole": [Function],
  "queryAllByTestId": [Function],
  "queryAllByText": [Function],
  "queryAllByTitle": [Function],
  "queryByAltText": [Function],
  "queryByDisplayValue": [Function],
  "queryByLabelText": [Function],
  "queryByPlaceholderText": [Function],
  "queryByRole": [Function],
  "queryByTestId": [Function],
  "queryByText": [Function],
  "queryByTitle": [Function],
  "rerender": [Function],
  "unmount": [Function],
}
`;

exports[`rendered new question page matches the snapshot 1`] = `
Object {
  "asFragment": [Function],
  "baseElement": <body>
    <div>
      <div
        class="MuiContainer-root makeStyles-container-11 MuiContainer-maxWidthSm"
      >
        <h5
          class="MuiTypography-root MuiTypography-h5"
        >
          Would You Rather
        </h5>
        <p
          class="MuiTypography-root MuiTypography-body1 MuiTypography-colorTextSecondary"
        >
          Create Your Own Poll
        </p>
        <p
          class="MuiTypography-root makeStyles-firstOption-12 MuiTypography-body1"
        >
          First Option
        </p>
        <div
          class="MuiFormControl-root MuiTextField-root makeStyles-textField-13 MuiFormControl-fullWidth"
          data-testid="fieldOptionOne"
        >
          <div
            class="MuiInputBase-root MuiOutlinedInput-root MuiInputBase-fullWidth MuiInputBase-formControl"
          >
            <input
              aria-invalid="false"
              class="MuiInputBase-input MuiOutlinedInput-input"
              placeholder="Option One"
              type="text"
              value=""
            />
            <fieldset
              aria-hidden="true"
              class="PrivateNotchedOutline-root-16 MuiOutlinedInput-notchedOutline"
              style="padding-left: 8px;"
            >
              <legend
                class="PrivateNotchedOutline-legend-17"
                style="width: 0.01px;"
              >
                <span>
                  ​
                </span>
              </legend>
            </fieldset>
          </div>
        </div>
        <p
          class="MuiTypography-root makeStyles-secondOption-14 MuiTypography-body1"
        >
          Second Option
        </p>
        <div
          class="MuiFormControl-root MuiTextField-root makeStyles-textField-13 MuiFormControl-fullWidth"
          data-testid="fieldOptionTwo"
        >
          <div
            class="MuiInputBase-root MuiOutlinedInput-root MuiInputBase-fullWidth MuiInputBase-formControl"
          >
            <input
              aria-invalid="false"
              class="MuiInputBase-input MuiOutlinedInput-input"
              placeholder="Option Two"
              type="text"
              value=""
            />
            <fieldset
              aria-hidden="true"
              class="PrivateNotchedOutline-root-16 MuiOutlinedInput-notchedOutline"
              style="padding-left: 8px;"
            >
              <legend
                class="PrivateNotchedOutline-legend-17"
                style="width: 0.01px;"
              >
                <span>
                  ​
                </span>
              </legend>
            </fieldset>
          </div>
        </div>
        <button
          class="MuiButtonBase-root MuiButton-root MuiButton-contained makeStyles-submitBtn-15 MuiButton-containedPrimary"
          data-testid="submitNewQuestion"
          tabindex="0"
          type="button"
        >
          <span
            class="MuiButton-label"
          >
            Submit
          </span>
          <span
            class="MuiTouchRipple-root"
          />
        </button>
      </div>
    </div>
  </body>,
  "container": <div>
    <div
      class="MuiContainer-root makeStyles-container-11 MuiContainer-maxWidthSm"
    >
      <h5
        class="MuiTypography-root MuiTypography-h5"
      >
        Would You Rather
      </h5>
      <p
        class="MuiTypography-root MuiTypography-body1 MuiTypography-colorTextSecondary"
      >
        Create Your Own Poll
      </p>
      <p
        class="MuiTypography-root makeStyles-firstOption-12 MuiTypography-body1"
      >
        First Option
      </p>
      <div
        class="MuiFormControl-root MuiTextField-root makeStyles-textField-13 MuiFormControl-fullWidth"
        data-testid="fieldOptionOne"
      >
        <div
          class="MuiInputBase-root MuiOutlinedInput-root MuiInputBase-fullWidth MuiInputBase-formControl"
        >
          <input
            aria-invalid="false"
            class="MuiInputBase-input MuiOutlinedInput-input"
            placeholder="Option One"
            type="text"
            value=""
          />
          <fieldset
            aria-hidden="true"
            class="PrivateNotchedOutline-root-16 MuiOutlinedInput-notchedOutline"
            style="padding-left: 8px;"
          >
            <legend
              class="PrivateNotchedOutline-legend-17"
              style="width: 0.01px;"
            >
              <span>
                ​
              </span>
            </legend>
          </fieldset>
        </div>
      </div>
      <p
        class="MuiTypography-root makeStyles-secondOption-14 MuiTypography-body1"
      >
        Second Option
      </p>
      <div
        class="MuiFormControl-root MuiTextField-root makeStyles-textField-13 MuiFormControl-fullWidth"
        data-testid="fieldOptionTwo"
      >
        <div
          class="MuiInputBase-root MuiOutlinedInput-root MuiInputBase-fullWidth MuiInputBase-formControl"
        >
          <input
            aria-invalid="false"
            class="MuiInputBase-input MuiOutlinedInput-input"
            placeholder="Option Two"
            type="text"
            value=""
          />
          <fieldset
            aria-hidden="true"
            class="PrivateNotchedOutline-root-16 MuiOutlinedInput-notchedOutline"
            style="padding-left: 8px;"
          >
            <legend
              class="PrivateNotchedOutline-legend-17"
              style="width: 0.01px;"
            >
              <span>
                ​
              </span>
            </legend>
          </fieldset>
        </div>
      </div>
      <button
        class="MuiButtonBase-root MuiButton-root MuiButton-contained makeStyles-submitBtn-15 MuiButton-containedPrimary"
        data-testid="submitNewQuestion"
        tabindex="0"
        type="button"
      >
        <span
          class="MuiButton-label"
        >
          Submit
        </span>
        <span
          class="MuiTouchRipple-root"
        />
      </button>
    </div>
  </div>,
  "debug": [Function],
  "findAllByAltText": [Function],
  "findAllByDisplayValue": [Function],
  "findAllByLabelText": [Function],
  "findAllByPlaceholderText": [Function],
  "findAllByRole": [Function],
  "findAllByTestId": [Function],
  "findAllByText": [Function],
  "findAllByTitle": [Function],
  "findByAltText": [Function],
  "findByDisplayValue": [Function],
  "findByLabelText": [Function],
  "findByPlaceholderText": [Function],
  "findByRole": [Function],
  "findByTestId": [Function],
  "findByText": [Function],
  "findByTitle": [Function],
  "getAllByAltText": [Function],
  "getAllByDisplayValue": [Function],
  "getAllByLabelText": [Function],
  "getAllByPlaceholderText": [Function],
  "getAllByRole": [Function],
  "getAllByTestId": [Function],
  "getAllByText": [Function],
  "getAllByTitle": [Function],
  "getByAltText": [Function],
  "getByDisplayValue": [Function],
  "getByLabelText": [Function],
  "getByPlaceholderText": [Function],
  "getByRole": [Function],
  "getByTestId": [Function],
  "getByText": [Function],
  "getByTitle": [Function],
  "queryAllByAltText": [Function],
  "queryAllByDisplayValue": [Function],
  "queryAllByLabelText": [Function],
  "queryAllByPlaceholderText": [Function],
  "queryAllByRole": [Function],
  "queryAllByTestId": [Function],
  "queryAllByText": [Function],
  "queryAllByTitle": [Function],
  "queryByAltText": [Function],
  "queryByDisplayValue": [Function],
  "queryByLabelText": [Function],
  "queryByPlaceholderText": [Function],
  "queryByRole": [Function],
  "queryByTestId": [Function],
  "queryByText": [Function],
  "queryByTitle": [Function],
  "rerender": [Function],
  "unmount": [Function],
}
`;
